Ubuntu_LVM 디스크 추가
추가한 디스크 확인
<br/> fdisk -l
```
root@sanae-ubuntu:~# fdisk -l

Disk /dev/sda: 20 GiB, 21474836480 bytes, 41943040 sectors
Disk model: VMware Virtual S
Units: sectors of 1 * 512 = 512 bytes
Sector size (logical/physical): 512 bytes / 512 bytes
I/O size (minimum/optimal): 512 bytes / 512 bytes
Disklabel type: gpt
Disk identifier: EBDDB07B-64EE-4510-8FB2-2CD8DFF55D01

Device     Start      End  Sectors Size Type
/dev/sda1   2048     4095     2048   1M BIOS boot
/dev/sda2   4096 41940991 41936896  20G Linux filesystem


Disk /dev/sdc: 4 GiB, 4294967296 bytes, 8388608 sectors
Disk model: VMware Virtual S
Units: sectors of 1 * 512 = 512 bytes
Sector size (logical/physical): 512 bytes / 512 bytes
I/O size (minimum/optimal): 512 bytes / 512 bytes


Disk /dev/sdb: 3 GiB, 3221225472 bytes, 6291456 sectors
Disk model: VMware Virtual S
Units: sectors of 1 * 512 = 512 bytes
Sector size (logical/physical): 512 bytes / 512 bytes
I/O size (minimum/optimal): 512 bytes / 512 bytes


Disk /dev/sdd: 5 GiB, 5368709120 bytes, 10485760 sectors
Disk model: VMware Virtual S
Units: sectors of 1 * 512 = 512 bytes
Sector size (logical/physical): 512 bytes / 512 bytes
I/O size (minimum/optimal): 512 bytes / 512 bytes
```









