LVM 방식으로 디스크 증설 방법
============================
```
1. 디스크 추가 및 확인
2. 각 디스크 파티션 생성 (타입:8e)
3. 물리적 볼륨 생성
4. 볼륨 그룹 생성
5. 논리적 볼륨 생성
6. 포멧
7. 디렉터리 생성 및 마운트
8. fstab 등록
9. 시스템 재 기동후 연결 확인

```

1.&nbsp;Ubuntu_LVM 디스크 추가
---------------------
<br/>추가한 디스크 확인
<br/> fdisk -l
```
root@sanae-ubuntu:~# fdisk -l

Disk /dev/sda: 20 GiB, 21474836480 bytes, 41943040 sectors
Disk model: VMware Virtual S
Units: sectors of 1 * 512 = 512 bytes
Sector size (logical/physical): 512 bytes / 512 bytes
I/O size (minimum/optimal): 512 bytes / 512 bytes
Disklabel type: gpt
Disk identifier: EBDDB07B-64EE-4510-8FB2-2CD8DFF55D01

Device     Start      End  Sectors Size Type
/dev/sda1   2048     4095     2048   1M BIOS boot
/dev/sda2   4096 41940991 41936896  20G Linux filesystem


Disk /dev/sdc: 4 GiB, 4294967296 bytes, 8388608 sectors
Disk model: VMware Virtual S
Units: sectors of 1 * 512 = 512 bytes
Sector size (logical/physical): 512 bytes / 512 bytes
I/O size (minimum/optimal): 512 bytes / 512 bytes


Disk /dev/sdb: 3 GiB, 3221225472 bytes, 6291456 sectors
Disk model: VMware Virtual S
Units: sectors of 1 * 512 = 512 bytes
Sector size (logical/physical): 512 bytes / 512 bytes
I/O size (minimum/optimal): 512 bytes / 512 bytes


Disk /dev/sdd: 5 GiB, 5368709120 bytes, 10485760 sectors
Disk model: VMware Virtual S
Units: sectors of 1 * 512 = 512 bytes
Sector size (logical/physical): 512 bytes / 512 bytes
I/O size (minimum/optimal): 512 bytes / 512 bytes
```
2.&nbsp;각각 디스크를 파티션 만들기 (타입: 8e)
--------------------------------------
```
/dev/sdb  /dev/sdc  /dev/sdd
```
```
fdisk 디스크명
Command (m for help): n
Select (default p): p
Partition number (1-4, default 1): 1
First sector : 엔터
Last sector : 엔터

Command (m for help): t
Hex code (type L to list all codes): 8e

Command (m for help): w
```

3.&nbsp;물리적 불륨 만들기 pvcreate
--------------------------
```
디스크 확인 ls /dev/sd*
 /dev/sdb  /dev/sdb1  /dev/sdc  /dev/sdc1  /dev/sdd  /dev/sdd1
 ```
 ```
root@sanae-ubuntu:~# pvcreate /dev/sdb1
  Physical volume "/dev/sdb1" successfully created.

root@sanae-ubuntu:~# pvcreate /dev/sdc1
  Physical volume "/dev/sdc1" successfully created.

root@sanae-ubuntu:~# pvcreate /dev/sdd1
  Physical volume "/dev/sdd1" successfully created.
```

4.&nbsp;볼륨 그룹 만들기 vgcreate
-------------------------
```
root@sanae-ubuntu:~# vgcreate VG /dev/sdb1 /dev/sdc1 /dev/sdd1
  Volume group "VG" successfully created
```

5.&nbsp;논리적 볼륨 만들기 lvcreate
---------------------------
```
root@sanae-ubuntu:~# lvcreate --size 4G --name LG1 VG
  Logical volume "LG1" created.
root@sanae-ubuntu:~# lvcreate --size 4G --name LG2 VG
  Logical volume "LG2" created.
root@sanae-ubuntu:~# lvcreate --extents 100%FREE --name LG3 VG
  Logical volume "LG3" created.
```
6.&nbsp;포맷하기 mkfs.ext4
------------------
```
root@sanae-ubuntu:~# mkfs.ext4 /dev/VG/LG1
mke2fs 1.45.7 (28-Jan-2021)
Creating filesystem with 1048576 4k blocks and 262144 inodes
Filesystem UUID: ac458983-23ea-4762-ae07-e72512ce6144
Superblock backups stored on blocks:
        32768, 98304, 163840, 229376, 294912, 819200, 884736

Allocating group tables: done
Writing inode tables: done
Creating journal (16384 blocks): done
Writing superblocks and filesystem accounting information: done

root@sanae-ubuntu:~# mkfs.ext4 /dev/VG/LG2
mke2fs 1.45.7 (28-Jan-2021)
Creating filesystem with 1048576 4k blocks and 262144 inodes
Filesystem UUID: e3ec9bbb-544b-4a6a-8d58-f7291189e896
Superblock backups stored on blocks:
        32768, 98304, 163840, 229376, 294912, 819200, 884736

Allocating group tables: done
Writing inode tables: done
Creating journal (16384 blocks): done
Writing superblocks and filesystem accounting information: done

root@sanae-ubuntu:~# mkfs.ext4 /dev/VG/LG3
mke2fs 1.45.7 (28-Jan-2021)
Creating filesystem with 1045504 4k blocks and 261632 inodes
Filesystem UUID: 7b0da7f0-d6e7-4aa4-b445-edef86153885
Superblock backups stored on blocks:
        32768, 98304, 163840, 229376, 294912, 819200, 884736

Allocating group tables: done
Writing inode tables: done
Creating journal (16384 blocks): done
Writing superblocks and filesystem accounting information: done
```

7.&nbsp;폴더에 마운트 하기
------------------
<br/>디렉터리 생성 mkdir
<br/>마운트 하기 mount \[디스크명] \[디렉토리명]
```
root@sanae-ubuntu:~# mkdir DATA_LVM
root@sanae-ubuntu:~# mkdir LOGS_LVM
root@sanae-ubuntu:~# mkdir BK_LBM
root@sanae-ubuntu:~# mount /dev/VG/LG1 DATA_LVM
root@sanae-ubuntu:~# mount /dev/VG/LG2 LOGS_LVM
root@sanae-ubuntu:~# mount /dev/VG/LG3 BK_LBM
```
디렉토리 확인 df -h
```
root@sanae-ubuntu:~# df -h
Filesystem                         Size  Used Avail Use% Mounted on
tmpfs                               94M  1.3M   93M   2% /run
/dev/mapper/ubuntu--vg-ubuntu--lv   19G  5.2G   13G  30% /
tmpfs                              470M     0  470M   0% /dev/shm
tmpfs                              5.0M     0  5.0M   0% /run/lock
tmpfs                              4.0M     0  4.0M   0% /sys/fs/cgroup
/dev/sda2                          976M  246M  663M  28% /boot
tmpfs                               94M  4.0K   94M   1% /run/user/0
/dev/mapper/VG-LG1                 3.9G   16M  3.7G   1% /root/DATA_LVM
/dev/mapper/VG-LG2                 3.9G   16M  3.7G   1% /root/LOGS_LVM
/dev/mapper/VG-LG3                 3.9G   16M  3.7G   1% /root/BK_LBM
```

8.&nbsp;fstab(자동마운트) 등록
----------------------
```
vi /etc/fstab
[디스크 이름 or 디스크 UUID] [마운트 포인트] [파일 시스템] [마운트 옵션] [덤프(백업)유무] [fsck 검사 순서]
옵션
auto : 부팅시 자동으로 마운트
exec(execute) : 실행 파일을 실행할 수 있게 마운트
suid : setUID, setGID를 사용할 수 있게 마운트
rw(read, write) : r,w 권한을 가지게 마운트
nouser : 일반 유저들은 마운트 권한 없음

/dev/mapper/VG-LG1 	/root/DATA_LVM 	ext4 	defaults 	0 	0
/dev/mapper/VG-LG2 	/root/LOGS_LVM 	ext4 	defaults 	0 	0
/dev/mapper/VG-LG3 	/root/BK_LBM 	ext4 	defaults 	0 	0

마운트 확인
root@sanae-ubuntu:~# df -h
Filesystem                         Size  Used Avail Use% Mounted on
tmpfs                               94M  1.3M   93M   2% /run
/dev/mapper/ubuntu--vg-ubuntu--lv   19G  5.2G   13G  30% /
tmpfs                              470M     0  470M   0% /dev/shm
tmpfs                              5.0M     0  5.0M   0% /run/lock
tmpfs                              4.0M     0  4.0M   0% /sys/fs/cgroup
/dev/mapper/VG-LG3                 3.9G   16M  3.7G   1% /root/BK_LBM
/dev/mapper/VG-LG1                 3.9G   16M  3.7G   1% /root/DATA_LVM
/dev/mapper/VG-LG2                 3.9G   16M  3.7G   1% /root/LOGS_LVM
/dev/sda2                          976M  246M  663M  28% /boot
tmpfs                               94M  4.0K   94M   1% /run/user/0
```






